// Jest Snapshot v1, https://goo.gl/fbAQLP

exports[`should correctly render LoginPage 1`] = `
<div
  className="box-layout"
>
  <div
    className="box-layout__box"
  >
    <h1
      className="box-layoyt__title"
    >
       Expensify
    </h1>
    <p>
       Take Control Of Your Expenses
    </p>
    <button
      className="button"
    >
       Login With Google 
    </button>
  </div>
</div>
`;
